[     131ms] [INFO] %cDownload the React DevTools for a better development experience: https://reactjs.org/link/react-devtools font-weight:bold @ http://localhost:3000/static/js/bundle.js:34835
[     149ms] [ERROR] Warning: %s: Support for defaultProps will be removed from function components in a future major release. Use JavaScript default parameters instead.%s Image 
    at Image (http://localhost:3000/static/js/bundle.js:4125:3)
    at div
    at div
    at section
    at HomeSection
    at main
    at Main (http://localhost:3000/static/js/bundle.js:190:51)
    at App (http://localhost:3000/static/js/bundle.js:44:51) @ http://localhost:3000/static/js/bundle.js:9148
[     151ms] [ERROR] Warning: Each child in a list should have a unique "key" prop.%s%s See https://reactjs.org/link/warning-keys for more information.%s 

Check the render method of `AboutSection`.  
    at p
    at AboutSection (http://localhost:3000/static/js/bundle.js:487:86)
    at div
    at section
    at Section (http://localhost:3000/static/js/bundle.js:379:3)
    at main
    at Main (http://localhost:3000/static/js/bundle.js:190:51)
    at App (http://localhost:3000/static/js/bundle.js:44:51) @ http://localhost:3000/static/js/bundle.js:39499
[     153ms] [ERROR] Warning: Each child in a list should have a unique "key" prop.%s%s See https://reactjs.org/link/warning-keys for more information.%s 

Check the render method of `TimelineConatiner`.  
    at li
    at TimelineConatiner (http://localhost:3000/static/js/bundle.js:3823:3)
    at div
    at div
    at ResumeSection (http://localhost:3000/static/js/bundle.js:3630:82)
    at div
    at section
    at Section (http://localhost:3000/static/js/bundle.js:379:3)
    at main
    at Main (http://localhost:3000/static/js/bundle.js:190:51)
    at App (http://localhost:3000/static/js/bundle.js:44:51) @ http://localhost:3000/static/js/bundle.js:39499
[     154ms] [ERROR] Warning: Encountered two children with the same key, `%s`. Keys should be unique so that components maintain their identity across updates. Non-unique keys may cause children to be duplicated and/or omitted — the behavior is unsupported and could change in a future version.%s UC-33cc5ad0-b574-41d0-b073-9461a1a144ce 
    at ul
    at div
    at div
    at div
    at div
    at MoocCertificate
    at div
    at div
    at ResumeSection (http://localhost:3000/static/js/bundle.js:3630:82)
    at div
    at section
    at Section (http://localhost:3000/static/js/bundle.js:379:3)
    at main
    at Main (http://localhost:3000/static/js/bundle.js:190:51)
    at App (http://localhost:3000/static/js/bundle.js:44:51) @ http://localhost:3000/static/js/bundle.js:9148
[     163ms] [ERROR] Warning: Function components cannot be given refs. Attempts to access this ref will fail. Did you mean to use React.forwardRef()?%s%s 

Check the render method of `ContactSection`. 
    at Turnstile (http://localhost:3000/static/js/bundle.js:39256:3)
    at div
    at div
    at div
    at form
    at div
    at div
    at ContactSection (http://localhost:3000/static/js/bundle.js:1499:61)
    at div
    at section
    at Section (http://localhost:3000/static/js/bundle.js:379:3)
    at main
    at Main (http://localhost:3000/static/js/bundle.js:190:51)
    at App (http://localhost:3000/static/js/bundle.js:44:51) @ http://localhost:3000/static/js/bundle.js:9148
[     163ms] [ERROR] Warning: A future version of React will block javascript: URLs as a security precaution. Use event handlers instead if you can. If you need to generate unsafe HTML try using dangerouslySetInnerHTML instead. React was passed %s.%s "javascript:" 
    at a
    at GoToTop
    at App (http://localhost:3000/static/js/bundle.js:44:51) @ http://localhost:3000/static/js/bundle.js:9148
[     211ms] Uncaught (in promise) TurnstileError: [Cloudflare Turnstile] Invalid or missing type for parameter "sitekey", expected "string", got "undefined".
    at h (https://challenges.cloudflare.com/turnstile/v0/api.js?onload=cf__reactTurnstileOnLoad&render=explicit:0:10939)
    at N (https://challenges.cloudflare.com/turnstile/v0/api.js?onload=cf__reactTurnstileOnLoad&render=explicit:0:45011)
    at S (https://challenges.cloudflare.com/turnstile/v0/api.js?onload=cf__reactTurnstileOnLoad&render=explicit:0:48876)
    at <anonymous> (http://localhost:3000/static/js/bundle.js:39364:34)
[   93598ms] [INFO] %cDownload the React DevTools for a better development experience: https://reactjs.org/link/react-devtools font-weight:bold @ http://localhost:3000/static/js/bundle.js:72068
[   93620ms] [INFO] %cDownload the React DevTools for a better development experience: https://reactjs.org/link/react-devtools font-weight:bold @ http://localhost:3000/static/js/bundle.js:34835
[   93626ms] [ERROR] Warning: Invalid hook call. Hooks can only be called inside of the body of a function component. This could happen for one of the following reasons:
1. You might have mismatching versions of React and the renderer (such as React DOM)
2. You might be breaking the Rules of Hooks
3. You might have more than one copy of React in the same app
See https://reactjs.org/link/invalid-hook-call for tips about how to debug and fix this problem. @ http://localhost:3000/static/js/bundle.js:40713
[   93626ms] [ERROR] Warning: Invalid hook call. Hooks can only be called inside of the body of a function component. This could happen for one of the following reasons:
1. You might have mismatching versions of React and the renderer (such as React DOM)
2. You might be breaking the Rules of Hooks
3. You might have more than one copy of React in the same app
See https://reactjs.org/link/invalid-hook-call for tips about how to debug and fix this problem. @ http://localhost:3000/static/js/bundle.js:40713
[   93629ms] TypeError: Cannot read properties of null (reading 'useEffect')
    at useEffect (http://localhost:3000/static/js/bundle.js:41969:25)
    at App (http://localhost:3000/static/js/bundle.js:44:51)
    at renderWithHooks (http://localhost:3000/static/js/bundle.js:60482:22)
    at mountIndeterminateComponent (http://localhost:3000/static/js/bundle.js:63767:17)
    at beginWork (http://localhost:3000/static/js/bundle.js:65063:20)
    at HTMLUnknownElement.callCallback (http://localhost:3000/static/js/bundle.js:50078:18)
    at Object.invokeGuardedCallbackDev (http://localhost:3000/static/js/bundle.js:50122:20)
    at invokeGuardedCallback (http://localhost:3000/static/js/bundle.js:50179:35)
    at beginWork$1 (http://localhost:3000/static/js/bundle.js:70044:11)
    at performUnitOfWork (http://localhost:3000/static/js/bundle.js:69292:16)
[   93630ms] [ERROR] Warning: Invalid hook call. Hooks can only be called inside of the body of a function component. This could happen for one of the following reasons:
1. You might have mismatching versions of React and the renderer (such as React DOM)
2. You might be breaking the Rules of Hooks
3. You might have more than one copy of React in the same app
See https://reactjs.org/link/invalid-hook-call for tips about how to debug and fix this problem. @ http://localhost:3000/static/js/bundle.js:40713
[   93630ms] [ERROR] Warning: Invalid hook call. Hooks can only be called inside of the body of a function component. This could happen for one of the following reasons:
1. You might have mismatching versions of React and the renderer (such as React DOM)
2. You might be breaking the Rules of Hooks
3. You might have more than one copy of React in the same app
See https://reactjs.org/link/invalid-hook-call for tips about how to debug and fix this problem. @ http://localhost:3000/static/js/bundle.js:40713
[   93630ms] TypeError: Cannot read properties of null (reading 'useEffect')
    at useEffect (http://localhost:3000/static/js/bundle.js:41969:25)
    at App (http://localhost:3000/static/js/bundle.js:44:51)
    at renderWithHooks (http://localhost:3000/static/js/bundle.js:60482:22)
    at mountIndeterminateComponent (http://localhost:3000/static/js/bundle.js:63767:17)
    at beginWork (http://localhost:3000/static/js/bundle.js:65063:20)
    at HTMLUnknownElement.callCallback (http://localhost:3000/static/js/bundle.js:50078:18)
    at Object.invokeGuardedCallbackDev (http://localhost:3000/static/js/bundle.js:50122:20)
    at invokeGuardedCallback (http://localhost:3000/static/js/bundle.js:50179:35)
    at beginWork$1 (http://localhost:3000/static/js/bundle.js:70044:11)
    at performUnitOfWork (http://localhost:3000/static/js/bundle.js:69292:16)
[   93631ms] [ERROR] The above error occurred in the <App> component:

    at App (http://localhost:3000/static/js/bundle.js:44:51)

Consider adding an error boundary to your tree to customize error handling behavior.
Visit https://reactjs.org/link/error-boundaries to learn more about error boundaries. @ http://localhost:3000/static/js/bundle.js:62584
[   93632ms] TypeError: Cannot read properties of null (reading 'useEffect')
    at useEffect (http://localhost:3000/static/js/bundle.js:41969:25)
    at App (http://localhost:3000/static/js/bundle.js:44:51)
    at renderWithHooks (http://localhost:3000/static/js/bundle.js:60482:22)
    at mountIndeterminateComponent (http://localhost:3000/static/js/bundle.js:63767:17)
    at beginWork (http://localhost:3000/static/js/bundle.js:65063:20)
    at beginWork$1 (http://localhost:3000/static/js/bundle.js:70022:18)
    at performUnitOfWork (http://localhost:3000/static/js/bundle.js:69292:16)
    at workLoopSync (http://localhost:3000/static/js/bundle.js:69215:9)
    at renderRootSync (http://localhost:3000/static/js/bundle.js:69188:11)
    at recoverFromConcurrentError (http://localhost:3000/static/js/bundle.js:68680:24)
[  165982ms] [INFO] %cDownload the React DevTools for a better development experience: https://reactjs.org/link/react-devtools font-weight:bold @ http://localhost:3000/static/js/bundle.js:72070
[  166007ms] [INFO] %cDownload the React DevTools for a better development experience: https://reactjs.org/link/react-devtools font-weight:bold @ http://localhost:3000/static/js/bundle.js:34837
[  166013ms] [ERROR] Warning: Invalid hook call. Hooks can only be called inside of the body of a function component. This could happen for one of the following reasons:
1. You might have mismatching versions of React and the renderer (such as React DOM)
2. You might be breaking the Rules of Hooks
3. You might have more than one copy of React in the same app
See https://reactjs.org/link/invalid-hook-call for tips about how to debug and fix this problem. @ http://localhost:3000/static/js/bundle.js:40715
[  166013ms] [ERROR] Warning: Invalid hook call. Hooks can only be called inside of the body of a function component. This could happen for one of the following reasons:
1. You might have mismatching versions of React and the renderer (such as React DOM)
2. You might be breaking the Rules of Hooks
3. You might have more than one copy of React in the same app
See https://reactjs.org/link/invalid-hook-call for tips about how to debug and fix this problem. @ http://localhost:3000/static/js/bundle.js:40715
[  166016ms] TypeError: Cannot read properties of null (reading 'useEffect')
    at useEffect (http://localhost:3000/static/js/bundle.js:41971:25)
    at App (http://localhost:3000/static/js/bundle.js:44:51)
    at renderWithHooks (http://localhost:3000/static/js/bundle.js:60484:22)
    at mountIndeterminateComponent (http://localhost:3000/static/js/bundle.js:63769:17)
    at beginWork (http://localhost:3000/static/js/bundle.js:65065:20)
    at HTMLUnknownElement.callCallback (http://localhost:3000/static/js/bundle.js:50080:18)
    at Object.invokeGuardedCallbackDev (http://localhost:3000/static/js/bundle.js:50124:20)
    at invokeGuardedCallback (http://localhost:3000/static/js/bundle.js:50181:35)
    at beginWork$1 (http://localhost:3000/static/js/bundle.js:70046:11)
    at performUnitOfWork (http://localhost:3000/static/js/bundle.js:69294:16)
[  166017ms] [ERROR] Warning: Invalid hook call. Hooks can only be called inside of the body of a function component. This could happen for one of the following reasons:
1. You might have mismatching versions of React and the renderer (such as React DOM)
2. You might be breaking the Rules of Hooks
3. You might have more than one copy of React in the same app
See https://reactjs.org/link/invalid-hook-call for tips about how to debug and fix this problem. @ http://localhost:3000/static/js/bundle.js:40715
[  166017ms] [ERROR] Warning: Invalid hook call. Hooks can only be called inside of the body of a function component. This could happen for one of the following reasons:
1. You might have mismatching versions of React and the renderer (such as React DOM)
2. You might be breaking the Rules of Hooks
3. You might have more than one copy of React in the same app
See https://reactjs.org/link/invalid-hook-call for tips about how to debug and fix this problem. @ http://localhost:3000/static/js/bundle.js:40715
[  166017ms] TypeError: Cannot read properties of null (reading 'useEffect')
    at useEffect (http://localhost:3000/static/js/bundle.js:41971:25)
    at App (http://localhost:3000/static/js/bundle.js:44:51)
    at renderWithHooks (http://localhost:3000/static/js/bundle.js:60484:22)
    at mountIndeterminateComponent (http://localhost:3000/static/js/bundle.js:63769:17)
    at beginWork (http://localhost:3000/static/js/bundle.js:65065:20)
    at HTMLUnknownElement.callCallback (http://localhost:3000/static/js/bundle.js:50080:18)
    at Object.invokeGuardedCallbackDev (http://localhost:3000/static/js/bundle.js:50124:20)
    at invokeGuardedCallback (http://localhost:3000/static/js/bundle.js:50181:35)
    at beginWork$1 (http://localhost:3000/static/js/bundle.js:70046:11)
    at performUnitOfWork (http://localhost:3000/static/js/bundle.js:69294:16)
[  166018ms] [ERROR] The above error occurred in the <App> component:

    at App (http://localhost:3000/static/js/bundle.js:44:51)

Consider adding an error boundary to your tree to customize error handling behavior.
Visit https://reactjs.org/link/error-boundaries to learn more about error boundaries. @ http://localhost:3000/static/js/bundle.js:62586
[  166018ms] TypeError: Cannot read properties of null (reading 'useEffect')
    at useEffect (http://localhost:3000/static/js/bundle.js:41971:25)
    at App (http://localhost:3000/static/js/bundle.js:44:51)
    at renderWithHooks (http://localhost:3000/static/js/bundle.js:60484:22)
    at mountIndeterminateComponent (http://localhost:3000/static/js/bundle.js:63769:17)
    at beginWork (http://localhost:3000/static/js/bundle.js:65065:20)
    at beginWork$1 (http://localhost:3000/static/js/bundle.js:70024:18)
    at performUnitOfWork (http://localhost:3000/static/js/bundle.js:69294:16)
    at workLoopSync (http://localhost:3000/static/js/bundle.js:69217:9)
    at renderRootSync (http://localhost:3000/static/js/bundle.js:69190:11)
    at recoverFromConcurrentError (http://localhost:3000/static/js/bundle.js:68682:24)
[  205102ms] [ERROR] WebSocket connection to 'ws://localhost:3000/ws' failed: Error in connection establishment: net::ERR_CONNECTION_REFUSED @ http://localhost:3000/static/js/bundle.js:43695
[  207168ms] [ERROR] WebSocket connection to 'ws://localhost:3000/ws' failed: Error in connection establishment: net::ERR_CONNECTION_REFUSED @ http://localhost:3000/static/js/bundle.js:43695
[  211202ms] [ERROR] WebSocket connection to 'ws://localhost:3000/ws' failed: Error in connection establishment: net::ERR_CONNECTION_REFUSED @ http://localhost:3000/static/js/bundle.js:43695
[  219284ms] [ERROR] WebSocket connection to 'ws://localhost:3000/ws' failed: Error in connection establishment: net::ERR_CONNECTION_REFUSED @ http://localhost:3000/static/js/bundle.js:43695
[  235347ms] [ERROR] WebSocket connection to 'ws://localhost:3000/ws' failed: Error in connection establishment: net::ERR_CONNECTION_REFUSED @ http://localhost:3000/static/js/bundle.js:43695
